 minispy

 Timestamp is 47977cd1 (Wed Jan 23 18:43:45 2008)

 Preferred load address is 00010000

 Start         Length     Name                   Class
 0001:00000000 00000a7eH .text                   CODE
 0001:00000a7e 0000008eH .text$s                 CODE
 0002:00000000 00000088H .idata$5                DATA
 0002:00000090 00000068H .rdata                  DATA
 0002:000000f8 00000049H .rdata$debug            DATA
 0002:00000150 00000008H .rdata$sxdata           DATA
 0002:00000158 00000064H .xdata$x                DATA
 0003:00000000 00000008H .data                   DATA
 0003:00000020 000002a8H .bss                    DATA
 0004:00000000 0000013eH PAGE                    CODE
 0005:00000000 00000270H INIT                    CODE
 0005:00000270 0000036cH INIT                    CODE
 0005:000005dc 00000050H INIT$s                  CODE
 0005:0000062c 0000003cH .idata$2                CODE
 0005:00000668 00000014H .idata$3                CODE
 0005:0000067c 00000088H .idata$4                CODE
 0005:00000704 000002e2H .idata$6                CODE
 0006:00000000 00000058H .rsrc$01                DATA
 0006:00000060 000003b8H .rsrc$02                DATA

  Address         Publics by Value              Rva+Base       Lib:Object

 0000:00000002       ___safe_se_handler_count   00000002     <absolute>
 0001:00000006       _SpyPostOperationCallback@16 00010486 f   minispy.obj
 0001:0000009e       _SpyPreOperationCallback@12 0001051e f   minispy.obj
 0001:00000268       _ExAllocateFromNPagedLookasideList@4 000106e8 f i mspylib.obj
 0001:0000029c       _ExFreeToNPagedLookasideList@8 0001071c f i mspylib.obj
 0001:000002d2       _SpyAllocateBuffer@4       00010752 f   mspylib.obj
 0001:0000032a       _SpyFreeBuffer@4           000107aa f   mspylib.obj
 0001:00000352       _SpyNewRecord@0            000107d2 f   mspylib.obj
 0001:000003b2       _SpyFreeRecord@4           00010832 f   mspylib.obj
 0001:000003dc       _SpySetRecordName@8        0001085c f   mspylib.obj
 0001:00000428       _SpyLogPreOperationData@12 000108a8 f   mspylib.obj
 0001:00000494       _SpyLogPostOperationData@8 00010914 f   mspylib.obj
 0001:0000049c       _SpyLog@4                  0001091c f   mspylib.obj
 0001:000004e0       _SpyGetLog@12              00010960 f   mspylib.obj
 0001:00000632       _SpyEmptyOutputBufferList@0 00010ab2 f   mspylib.obj
 0001:00000691       @__security_check_cookie@4 00010b11 f   BufferOverflowK:secchk.obj
 0001:000006a5       ___report_gsfailure        00010b25 f   BufferOverflowK:gs_report.obj
 0001:000006d0       _memcpy                    00010b50 f   ntoskrnl:ntoskrnl.exe
 0001:000006dc       _FltCloseClientPort@8      00010b5c f   fltMgr:FLTMGR.SYS
 0001:000006e8       _FltUnregisterFilter@4     00010b68 f   fltMgr:FLTMGR.SYS
 0001:000006f4       _FltCloseCommunicationPort@4 00010b74 f   fltMgr:FLTMGR.SYS
 0001:00000700       _FltStartFiltering@4       00010b80 f   fltMgr:FLTMGR.SYS
 0001:0000070c       _FltFreeSecurityDescriptor@4 00010b8c f   fltMgr:FLTMGR.SYS
 0001:00000718       _FltCreateCommunicationPort@32 00010b98 f   fltMgr:FLTMGR.SYS
 0001:00000724       _FltBuildDefaultSecurityDescriptor@8 00010ba4 f   fltMgr:FLTMGR.SYS
 0001:00000730       _FltRegisterFilter@12      00010bb0 f   fltMgr:FLTMGR.SYS
 0001:0000073c       _FltReleaseFileNameInformation@4 00010bbc f   fltMgr:FLTMGR.SYS
 0001:00000748       _FltParseFileNameInformation@4 00010bc8 f   fltMgr:FLTMGR.SYS
 0001:00000754       _FltGetFileNameInformation@12 00010bd4 f   fltMgr:FLTMGR.SYS
 0001:00000760       _FltGetDeviceObject@8      00010be0 f   fltMgr:FLTMGR.SYS
 0001:0000076c       __SEH_prolog4              00010bec f   sehupd:sehprolg4.obj
 0001:000007b1       __SEH_epilog4              00010c31 f   sehupd:sehprolg4.obj
 0001:000007d0       __except_handler4          00010c50 f   sehupd:chandler4.obj
 0001:0000092c       __local_unwind4            00010dac f   sehupd:exsup4.obj
 0001:000009f5       __seh_longjmp_unwind4@4    00010e75 f   sehupd:exsup4.obj
 0001:00000a11       @_EH4_CallFilterFunc@8     00010e91 f   sehupd:exsup4.obj
 0001:00000a28       @_EH4_TransferToHandler@8  00010ea8 f   sehupd:exsup4.obj
 0001:00000a3a       @_EH4_GlobalUnwind@4       00010eba f   sehupd:exsup4.obj
 0001:00000a54       @_EH4_LocalUnwind@16       00010ed4 f   sehupd:exsup4.obj
 0001:00000a70       __NLG_Call                 00010ef0 f   sehupd:_nlgsupp.obj
 0001:00000a78       _RtlUnwind@16              00010ef8 f   ntoskrnl:ntoskrnl.exe
 0001:00000a7e       ??_C@_1BE@ECKFOCEH@?$AA?$DM?$AAN?$AAO?$AA?5?$AAN?$AAA?$AAM?$AAE?$AA?$DO?$AA?$AA@FNODOBFM@ 00010efe     minispy.obj
 0001:00000a92       ??_C@_1GE@GOOEDKNI@?$AA?$DM?$AAN?$AAO?$AA?5?$AAN?$AAA?$AAM?$AAE?$AA?3?$AA?5?$AAN?$AAo?$AAr?$AAm?$AAa?$AAl?$AAi?$AAz?$AAe?$AAS?$AAt?$AAa?$AAt?$AAu?$AAs?$AA?$DN?$AA?$CF?$AA0?$AA8?$AAx?$AA?5?$AAO@FNODOBFM@ 00010f12     minispy.obj
 0001:00000af6       ??_C@_1BG@DLLGGIDJ@?$AA?$DM?$AA?$CF?$AA0?$AA8?$AAx?$AA?$DO?$AA?5?$AA?$CF?$AAw?$AAZ?$AA?$AA@FNODOBFM@ 00010f76     minispy.obj
 0002:00000000       __imp__FltGetDeviceObject@8 00011000     fltMgr:FLTMGR.SYS
 0002:00000004       __imp__FltGetFileNameInformation@12 00011004     fltMgr:FLTMGR.SYS
 0002:00000008       __imp__FltParseFileNameInformation@4 00011008     fltMgr:FLTMGR.SYS
 0002:0000000c       __imp__FltReleaseFileNameInformation@4 0001100c     fltMgr:FLTMGR.SYS
 0002:00000010       __imp__FltRegisterFilter@12 00011010     fltMgr:FLTMGR.SYS
 0002:00000014       __imp__FltBuildDefaultSecurityDescriptor@8 00011014     fltMgr:FLTMGR.SYS
 0002:00000018       __imp__FltCreateCommunicationPort@32 00011018     fltMgr:FLTMGR.SYS
 0002:0000001c       __imp__FltFreeSecurityDescriptor@4 0001101c     fltMgr:FLTMGR.SYS
 0002:00000020       __imp__FltStartFiltering@4 00011020     fltMgr:FLTMGR.SYS
 0002:00000024       __imp__FltCloseCommunicationPort@4 00011024     fltMgr:FLTMGR.SYS
 0002:00000028       __imp__FltUnregisterFilter@4 00011028     fltMgr:FLTMGR.SYS
 0002:0000002c       __imp__FltCloseClientPort@8 0001102c     fltMgr:FLTMGR.SYS
 0002:00000030       \177FLTMGR_NULL_THUNK_DATA 00011030     fltMgr:FLTMGR.SYS
 0002:00000034       __imp_@KfAcquireSpinLock@4 00011034     hal:HAL.dll
 0002:00000038       __imp_@KfReleaseSpinLock@8 00011038     hal:HAL.dll
 0002:0000003c       \177HAL_NULL_THUNK_DATA    0001103c     hal:HAL.dll
 0002:00000040       __imp__KeBugCheckEx@20     00011040     ntoskrnl:ntoskrnl.exe
 0002:00000044       __imp__ExDeleteNPagedLookasideList@4 00011044     ntoskrnl:ntoskrnl.exe
 0002:00000048       _KeTickCount               00011048     ntoskrnl:ntoskrnl.exe
 0002:00000048       __imp__KeTickCount         00011048     ntoskrnl:ntoskrnl.exe
 0002:0000004c       __imp__ZwOpenKey@12        0001104c     ntoskrnl:ntoskrnl.exe
 0002:00000050       __imp__ZwQueryValueKey@24  00011050     ntoskrnl:ntoskrnl.exe
 0002:00000054       __imp__ZwClose@4           00011054     ntoskrnl:ntoskrnl.exe
 0002:00000058       __imp_@ObfDereferenceObject@4 00011058     ntoskrnl:ntoskrnl.exe
 0002:0000005c       __imp__PsGetCurrentProcessId@0 0001105c     ntoskrnl:ntoskrnl.exe
 0002:00000060       __imp__PsGetCurrentThreadId@0 00011060     ntoskrnl:ntoskrnl.exe
 0002:00000064       __imp__KeQuerySystemTime@4 00011064     ntoskrnl:ntoskrnl.exe
 0002:00000068       __imp_@ExInterlockedPushEntrySList@12 00011068     ntoskrnl:ntoskrnl.exe
 0002:0000006c       __imp_@ExInterlockedPopEntrySList@8 0001106c     ntoskrnl:ntoskrnl.exe
 0002:00000070       __imp___snwprintf          00011070     ntoskrnl:ntoskrnl.exe
 0002:00000074       __imp__memcpy              00011074     ntoskrnl:ntoskrnl.exe
 0002:00000078       __imp__ExInitializeNPagedLookasideList@28 00011078     ntoskrnl:ntoskrnl.exe
 0002:0000007c       __imp__RtlInitUnicodeString@8 0001107c     ntoskrnl:ntoskrnl.exe
 0002:00000080       __imp__RtlUnwind@16        00011080     ntoskrnl:ntoskrnl.exe
 0002:00000084       \177ntoskrnl_NULL_THUNK_DATA 00011084     ntoskrnl:ntoskrnl.exe
 0002:000000b0       __load_config_used         000110b0     ntoskrnl:loadcfg.obj
 0002:00000150       ___safe_se_handler_table   00011150     <linker-defined>
 0003:00000000       ___security_cookie         00011200     BufferOverflowK:gs_support.obj
 0003:00000004       ___security_cookie_complement 00011204     BufferOverflowK:gs_support.obj
 0003:00000020       _StatusToBreakOn           00011220     minispy.obj
 0003:00000040       _MiniSpyData               00011240     <common>
 0004:00000006       _SpyConnect@20             00011506 f   minispy.obj
 0004:0000001e       _SpyDisconnect@4           0001151e f   minispy.obj
 0004:00000036       _SpyFilterUnload@4         00011536 f   minispy.obj
 0004:00000066       _SpyQueryTeardown@8        00011566 f   minispy.obj
 0004:00000070       _SpyMessage@24             00011570 f   minispy.obj
 0005:00000006       _DriverEntry@8             00011686 f   minispy.obj
 0005:00000166       _SpyReadDriverParameters@4 000117e6 f   mspylib.obj
 0005:00000232       _GsDriverEntry@8           000118b2 f   BufferOverflowK:gs_support.obj
 0005:00000270       _Callbacks                 000118f0     registrationdata.obj
 0005:00000590       _Contexts                  00011c10     registrationdata.obj
 0005:000005ac       _FilterRegistration        00011c2c     registrationdata.obj
 0005:000005dc       ??_C@_1BK@DICPLIGM@?$AA?2?$AAM?$AAi?$AAn?$AAi?$AAS?$AAp?$AAy?$AAP?$AAo?$AAr?$AAt?$AA?$AA@PBOPGDP@ 00011c5c     minispy.obj
 0005:000005f6       ??_C@_1CA@GONDOMMD@?$AAN?$AAa?$AAm?$AAe?$AAQ?$AAu?$AAe?$AAr?$AAy?$AAM?$AAe?$AAt?$AAh?$AAo?$AAd?$AA?$AA@PBOPGDP@ 00011c76     mspylib.obj
 0005:00000616       ??_C@_1BG@MHDFHEJC@?$AAM?$AAa?$AAx?$AAR?$AAe?$AAc?$AAo?$AAr?$AAd?$AAs?$AA?$AA@PBOPGDP@ 00011c96     mspylib.obj
 0005:0000062c       __IMPORT_DESCRIPTOR_ntoskrnl 00011cac     ntoskrnl:ntoskrnl.exe
 0005:00000640       __IMPORT_DESCRIPTOR_HAL    00011cc0     hal:HAL.dll
 0005:00000654       __IMPORT_DESCRIPTOR_FLTMGR 00011cd4     fltMgr:FLTMGR.SYS
 0005:00000668       __NULL_IMPORT_DESCRIPTOR   00011ce8     ntoskrnl:ntoskrnl.exe

 entry point at        0005:00000232

 Static symbols

 0001:000009af       __unwind_handler4          00010e2f f   sehupd:exsup4.obj
